I'm sorry, but errors were detected in your script. Please correct the
errors listed below, and try again.


File "game/screens.rpy", line 697: end of line expected.
    thumb "setting_slider_3_btn_idle":
                                     ^

Ren'Py Version: Ren'Py 7.3.5.606
Thu Jul 30 17:12:03 2020
